{"level":"info","message":"🚀 Server running on port 5000","service":"nexlab-api","timestamp":"2026-09-01 10:38:24"}
{"level":"info","message":"📍 Environment: development","service":"nexlab-api","timestamp":"2026-09-01 10:38:24"}
{"level":"info","message":"✅ MongoDB Connected: ac-7cap2hi-shard-00-01.zxnw4av.mongodb.net","service":"nexlab-api","timestamp":"2026-09-01 10:38:25"}
{"level":"info","message":"🚀 Server running on port 5000","service":"nexlab-api","timestamp":"2026-09-01 10:39:26"}
{"level":"info","message":"📍 Environment: development","service":"nexlab-api","timestamp":"2026-09-01 10:39:26"}
{"level":"info","message":"✅ MongoDB Connected: ac-7cap2hi-shard-00-01.zxnw4av.mongodb.net","service":"nexlab-api","timestamp":"2026-09-01 10:39:28"}
{"code":13297,"errorLabelSet":{},"errorResponse":{"code":13297,"errmsg":"db already exists with different case already have: [nexlab] trying to create [NexLab]","index":0},"index":0,"level":"error","message":"Register error: db already exists with different case already have: [nexlab] trying to create [NexLab]","service":"nexlab-api","stack":"MongoServerError: db already exists with different case already have: [nexlab] trying to create [NexLab]\n    at InsertOneOperation.handleOk (D:\\nexlab\\server\\node_modules\\mongodb\\lib\\operations\\insert.js:51:19)\n    at tryOperation (D:\\nexlab\\server\\node_modules\\mongodb\\lib\\operations\\execute_operation.js:214:34)\n    at process.processTicksAndRejections (node:internal/process/task_queues:104:5)\n    at async executeOperation (D:\\nexlab\\server\\node_modules\\mongodb\\lib\\operations\\execute_operation.js:78:16)\n    at async Collection.insertOne (D:\\nexlab\\server\\node_modules\\mongodb\\lib\\collection.js:154:16)","timestamp":"2026-09-01 10:39:28"}
{"code":13297,"errorLabelSet":{},"errorResponse":{"code":13297,"errmsg":"db already exists with different case already have: [nexlab] trying to create [NexLab]","index":0},"index":0,"level":"error","message":"Register error: db already exists with different case already have: [nexlab] trying to create [NexLab]","service":"nexlab-api","stack":"MongoServerError: db already exists with different case already have: [nexlab] trying to create [NexLab]\n    at InsertOneOperation.handleOk (D:\\nexlab\\server\\node_modules\\mongodb\\lib\\operations\\insert.js:51:19)\n    at tryOperation (D:\\nexlab\\server\\node_modules\\mongodb\\lib\\operations\\execute_operation.js:214:34)\n    at process.processTicksAndRejections (node:internal/process/task_queues:104:5)\n    at async executeOperation (D:\\nexlab\\server\\node_modules\\mongodb\\lib\\operations\\execute_operation.js:78:16)\n    at async Collection.insertOne (D:\\nexlab\\server\\node_modules\\mongodb\\lib\\collection.js:154:16)","timestamp":"2026-09-01 10:40:07"}
{"code":13297,"errorLabelSet":{},"errorResponse":{"code":13297,"errmsg":"db already exists with different case already have: [nexlab] trying to create [NexLab]","index":0},"index":0,"level":"error","message":"Register error: db already exists with different case already have: [nexlab] trying to create [NexLab]","service":"nexlab-api","stack":"MongoServerError: db already exists with different case already have: [nexlab] trying to create [NexLab]\n    at InsertOneOperation.handleOk (D:\\nexlab\\server\\node_modules\\mongodb\\lib\\operations\\insert.js:51:19)\n    at tryOperation (D:\\nexlab\\server\\node_modules\\mongodb\\lib\\operations\\execute_operation.js:214:34)\n    at process.processTicksAndRejections (node:internal/process/task_queues:104:5)\n    at async executeOperation (D:\\nexlab\\server\\node_modules\\mongodb\\lib\\operations\\execute_operation.js:78:16)\n    at async Collection.insertOne (D:\\nexlab\\server\\node_modules\\mongodb\\lib\\collection.js:154:16)","timestamp":"2026-09-01 10:40:09"}
{"level":"info","message":"🚀 Server running on port 5000","service":"nexlab-api","timestamp":"2026-09-01 10:42:24"}
{"level":"info","message":"📍 Environment: development","service":"nexlab-api","timestamp":"2026-09-01 10:42:24"}
{"level":"info","message":"✅ MongoDB Connected: ac-7cap2hi-shard-00-01.zxnw4av.mongodb.net","service":"nexlab-api","timestamp":"2026-09-01 10:42:24"}
{"level":"info","message":"🚀 Server running on port 5000","service":"nexlab-api","timestamp":"2026-09-01 10:44:03"}
{"level":"info","message":"📍 Environment: development","service":"nexlab-api","timestamp":"2026-09-01 10:44:03"}
{"level":"info","message":"✅ MongoDB Connected: ac-7cap2hi-shard-00-01.zxnw4av.mongodb.net","service":"nexlab-api","timestamp":"2026-09-01 10:44:04"}
{"level":"info","message":"🚀 Server running on port 5000","service":"nexlab-api","timestamp":"2026-09-01 10:45:15"}
{"level":"info","message":"📍 Environment: development","service":"nexlab-api","timestamp":"2026-09-01 10:45:15"}
{"level":"info","message":"✅ MongoDB Connected: ac-7cap2hi-shard-00-00.zxnw4av.mongodb.net","service":"nexlab-api","timestamp":"2026-09-01 10:45:16"}
{"level":"info","message":"🚀 Server running on port 5000","service":"nexlab-api","timestamp":"2026-09-01 10:52:49"}
{"level":"info","message":"📍 Environment: development","service":"nexlab-api","timestamp":"2026-09-01 10:52:49"}
{"level":"info","message":"✅ MongoDB Connected: ac-7cap2hi-shard-00-02.zxnw4av.mongodb.net","service":"nexlab-api","timestamp":"2026-09-01 10:52:49"}
{"level":"info","message":"🚀 Server running on port 5000","service":"nexlab-api","timestamp":"2026-09-01 11:05:45"}
{"level":"info","message":"📍 Environment: development","service":"nexlab-api","timestamp":"2026-09-01 11:05:45"}
{"level":"info","message":"✅ MongoDB Connected: ac-7cap2hi-shard-00-00.zxnw4av.mongodb.net","service":"nexlab-api","timestamp":"2026-09-01 11:05:47"}
{"level":"info","message":"🚀 Server running on port 5000","service":"nexlab-api","timestamp":"2026-09-01 11:06:03"}
{"level":"info","message":"📍 Environment: development","service":"nexlab-api","timestamp":"2026-09-01 11:06:03"}
{"level":"info","message":"✅ MongoDB Connected: ac-7cap2hi-shard-00-00.zxnw4av.mongodb.net","service":"nexlab-api","timestamp":"2026-09-01 11:06:04"}
{"level":"info","message":"🚀 Server running on port 5000","service":"nexlab-api","timestamp":"2026-09-01 11:06:15"}
{"level":"info","message":"📍 Environment: development","service":"nexlab-api","timestamp":"2026-09-01 11:06:15"}
{"level":"info","message":"✅ MongoDB Connected: ac-7cap2hi-shard-00-00.zxnw4av.mongodb.net","service":"nexlab-api","timestamp":"2026-09-01 11:06:16"}
{"level":"info","message":"🚀 Server running on port 5000","service":"nexlab-api","timestamp":"2026-09-01 11:07:39"}
{"level":"info","message":"📍 Environment: development","service":"nexlab-api","timestamp":"2026-09-01 11:07:39"}
{"level":"info","message":"✅ MongoDB Connected: ac-7cap2hi-shard-00-02.zxnw4av.mongodb.net","service":"nexlab-api","timestamp":"2026-09-01 11:07:42"}
{"level":"info","message":"🚀 Server running on port 5000","service":"nexlab-api","timestamp":"2026-09-01 11:07:56"}
{"level":"info","message":"📍 Environment: development","service":"nexlab-api","timestamp":"2026-09-01 11:07:56"}
{"level":"info","message":"✅ MongoDB Connected: ac-7cap2hi-shard-00-02.zxnw4av.mongodb.net","service":"nexlab-api","timestamp":"2026-09-01 11:07:56"}
{"level":"info","message":"🚀 Server running on port 5000","service":"nexlab-api","timestamp":"2026-09-01 16:17:34"}
{"level":"info","message":"📍 Environment: development","service":"nexlab-api","timestamp":"2026-09-01 16:17:34"}
{"level":"info","message":"✅ MongoDB Connected: ac-7cap2hi-shard-00-01.zxnw4av.mongodb.net","service":"nexlab-api","timestamp":"2026-09-01 16:17:34"}
{"level":"info","message":"🚀 Server running on port 5000","service":"nexlab-api","timestamp":"2026-09-01 16:18:21"}
{"level":"info","message":"📍 Environment: development","service":"nexlab-api","timestamp":"2026-09-01 16:18:21"}
{"level":"info","message":"✅ MongoDB Connected: ac-7cap2hi-shard-00-02.zxnw4av.mongodb.net","service":"nexlab-api","timestamp":"2026-09-01 16:18:22"}
{"level":"info","message":"🚀 Server running on port 5000","service":"nexlab-api","timestamp":"2026-09-01 16:51:49"}
{"level":"info","message":"📍 Environment: development","service":"nexlab-api","timestamp":"2026-09-01 16:51:49"}
{"level":"info","message":"✅ MongoDB Connected: ac-7cap2hi-shard-00-00.zxnw4av.mongodb.net","service":"nexlab-api","timestamp":"2026-09-01 16:51:50"}
{"level":"info","message":"🚀 Server running on port 5000","service":"nexlab-api","timestamp":"2026-09-01 16:52:02"}
{"level":"info","message":"📍 Environment: development","service":"nexlab-api","timestamp":"2026-09-01 16:52:02"}
{"level":"info","message":"✅ MongoDB Connected: ac-7cap2hi-shard-00-01.zxnw4av.mongodb.net","service":"nexlab-api","timestamp":"2026-09-01 16:52:02"}
{"level":"info","message":"🚀 Server running on port 5000","service":"nexlab-api","timestamp":"2026-09-01 16:52:19"}
{"level":"info","message":"📍 Environment: development","service":"nexlab-api","timestamp":"2026-09-01 16:52:19"}
{"level":"info","message":"✅ MongoDB Connected: ac-7cap2hi-shard-00-02.zxnw4av.mongodb.net","service":"nexlab-api","timestamp":"2026-09-01 16:52:19"}
{"level":"info","message":"Code execution by user 6a96ad7578cf4e33ba406182 for sprint 2","service":"nexlab-api","timestamp":"2026-09-01 16:53:34"}
{"level":"debug","message":"Python process started: PID 16732","service":"nexlab-api","timestamp":"2026-09-01 16:53:34"}
{"level":"info","message":"Code execution by user 6a96ad7578cf4e33ba406182 for sprint 2","service":"nexlab-api","timestamp":"2026-09-01 16:54:14"}
{"level":"debug","message":"Python process started: PID 16424","service":"nexlab-api","timestamp":"2026-09-01 16:54:14"}
{"level":"info","message":"Code execution by user 6a96ad7578cf4e33ba406182 for sprint 3","service":"nexlab-api","timestamp":"2026-09-01 16:57:01"}
{"level":"debug","message":"Python process started: PID 12100","service":"nexlab-api","timestamp":"2026-09-01 16:57:01"}
{"level":"info","message":"Code execution by user 6a96ad7578cf4e33ba406182 for sprint 1","service":"nexlab-api","timestamp":"2026-09-01 17:16:52"}
{"level":"debug","message":"Python process started: PID 24592","service":"nexlab-api","timestamp":"2026-09-01 17:16:52"}
{"level":"info","message":"🚀 Server running on port 5000","service":"nexlab-api","timestamp":"2026-09-01 17:21:07"}
{"level":"info","message":"📍 Environment: development","service":"nexlab-api","timestamp":"2026-09-01 17:21:07"}
{"level":"info","message":"🚀 Server running on port 5000","service":"nexlab-api","timestamp":"2026-09-01 17:21:08"}
{"level":"info","message":"📍 Environment: development","service":"nexlab-api","timestamp":"2026-09-01 17:21:08"}
{"level":"info","message":"✅ MongoDB Connected: ac-7cap2hi-shard-00-01.zxnw4av.mongodb.net","service":"nexlab-api","timestamp":"2026-09-01 17:21:09"}
{"level":"info","message":"🚀 Server running on port 5000","service":"nexlab-api","timestamp":"2026-09-01 17:21:53"}
{"level":"info","message":"📍 Environment: development","service":"nexlab-api","timestamp":"2026-09-01 17:21:53"}
{"level":"info","message":"✅ MongoDB Connected: ac-7cap2hi-shard-00-02.zxnw4av.mongodb.net","service":"nexlab-api","timestamp":"2026-09-01 17:21:53"}
{"level":"info","message":"Code execution by user 6a96ad7578cf4e33ba406182 for sprint 1","service":"nexlab-api","timestamp":"2026-09-01 17:22:19"}
{"level":"debug","message":"Python process started: PID 12820 using python3","service":"nexlab-api","timestamp":"2026-09-01 17:22:19"}
{"level":"info","message":"🚀 Server running on port 5000","service":"nexlab-api","timestamp":"2026-09-01 17:22:19"}
{"level":"info","message":"📍 Environment: development","service":"nexlab-api","timestamp":"2026-09-01 17:22:19"}
{"level":"info","message":"✅ MongoDB Connected: ac-7cap2hi-shard-00-02.zxnw4av.mongodb.net","service":"nexlab-api","timestamp":"2026-09-01 17:22:20"}
{"level":"info","message":"Code execution by user 6a96ad7578cf4e33ba406182 for sprint 1","service":"nexlab-api","timestamp":"2026-09-01 17:22:48"}
{"level":"debug","message":"Python process started: PID 18244 using python3","service":"nexlab-api","timestamp":"2026-09-01 17:22:48"}
{"level":"info","message":"Code execution by user 6a96ad7578cf4e33ba406182 for sprint 4","service":"nexlab-api","timestamp":"2026-09-01 17:28:53"}
{"level":"debug","message":"Python process started: PID 20960 using python3","service":"nexlab-api","timestamp":"2026-09-01 17:28:53"}
